// Jest Snapshot v1, https://goo.gl/fbAQLP

exports[`<CustomerTableRow /> Should match snapshot 1`] = `
Object {
  "asFragment": [Function],
  "baseElement": <body>
    <div>
      <tr
        class="customers-list__row"
        data-testid="customer"
      >
        <td
          class="customers-list__cell-name"
          data-testid="customer-name"
        >
          user
        </td>
        <td
          class="customers-list__cell-points"
          data-testid="customer-total-points"
        >
          100
        </td>
        <td
          class="customers-list__cell-points"
          data-testid="customer-month-0-points"
        >
          50
        </td>
        <td
          class="customers-list__cell-points"
          data-testid="customer-month-1-points"
        >
          30
        </td>
        <td
          class="customers-list__cell-points"
          data-testid="customer-month-2-points"
        >
          20
        </td>
        <td
          data-testid="customer-add-transaction"
        >
          <a
            class="customers-list__cell-add-transaction"
            href="/1234/new-transaction?name=user"
          >
            Add Transaction
          </a>
        </td>
      </tr>
    </div>
  </body>,
  "container": <div>
    <tr
      class="customers-list__row"
      data-testid="customer"
    >
      <td
        class="customers-list__cell-name"
        data-testid="customer-name"
      >
        user
      </td>
      <td
        class="customers-list__cell-points"
        data-testid="customer-total-points"
      >
        100
      </td>
      <td
        class="customers-list__cell-points"
        data-testid="customer-month-0-points"
      >
        50
      </td>
      <td
        class="customers-list__cell-points"
        data-testid="customer-month-1-points"
      >
        30
      </td>
      <td
        class="customers-list__cell-points"
        data-testid="customer-month-2-points"
      >
        20
      </td>
      <td
        data-testid="customer-add-transaction"
      >
        <a
          class="customers-list__cell-add-transaction"
          href="/1234/new-transaction?name=user"
        >
          Add Transaction
        </a>
      </td>
    </tr>
  </div>,
  "debug": [Function],
  "findAllByAltText": [Function],
  "findAllByDisplayValue": [Function],
  "findAllByLabelText": [Function],
  "findAllByPlaceholderText": [Function],
  "findAllByRole": [Function],
  "findAllByTestId": [Function],
  "findAllByText": [Function],
  "findAllByTitle": [Function],
  "findByAltText": [Function],
  "findByDisplayValue": [Function],
  "findByLabelText": [Function],
  "findByPlaceholderText": [Function],
  "findByRole": [Function],
  "findByTestId": [Function],
  "findByText": [Function],
  "findByTitle": [Function],
  "getAllByAltText": [Function],
  "getAllByDisplayValue": [Function],
  "getAllByLabelText": [Function],
  "getAllByPlaceholderText": [Function],
  "getAllByRole": [Function],
  "getAllByTestId": [Function],
  "getAllByText": [Function],
  "getAllByTitle": [Function],
  "getByAltText": [Function],
  "getByDisplayValue": [Function],
  "getByLabelText": [Function],
  "getByPlaceholderText": [Function],
  "getByRole": [Function],
  "getByTestId": [Function],
  "getByText": [Function],
  "getByTitle": [Function],
  "queryAllByAltText": [Function],
  "queryAllByDisplayValue": [Function],
  "queryAllByLabelText": [Function],
  "queryAllByPlaceholderText": [Function],
  "queryAllByRole": [Function],
  "queryAllByTestId": [Function],
  "queryAllByText": [Function],
  "queryAllByTitle": [Function],
  "queryByAltText": [Function],
  "queryByDisplayValue": [Function],
  "queryByLabelText": [Function],
  "queryByPlaceholderText": [Function],
  "queryByRole": [Function],
  "queryByTestId": [Function],
  "queryByText": [Function],
  "queryByTitle": [Function],
  "rerender": [Function],
  "unmount": [Function],
}
`;
